SLURM_JOB_NUM_NODES=1 NODELIST=x3008c0s17b3n0

=== stack=uoe launcher=mpiexec-bound ranks=108
--- mpicc -> /projects/u35v/sw/KKsGCC1230LFRicSWstackConfMakeBuild/usr/bin/mpicc
--- MPICH Version:      4.2.3
--- MPICH Release date: Wed Oct  2 09:35:21 AM CDT 2024
--- MPICH ABI:          16:3:4
--- MPICH Device:       ch3:nemesis
--- MPICH configure:    --prefix=/projects/u35v/sw/KKsGCC1230LFRicSWstackConfMakeBuild/usr --enable-fortran=all --enable-cxx --enable-threads=multiple --enable-shared --enable-romio --with-device=ch3
--- MPICH CC:           gcc    -O2
--- MPICH CXX:          g++   -O2
--- MPICH F77:          gfortran -w -fallow-argument-mismatch -O2  -O2
--- MPICH FC:           gfortran -w -fallow-argument-mismatch -O2  -O2
--- MPICH features:     
--- 
--- linked against:
---   	libmpi.so.12 => /projects/u35v/sw/KKsGCC1230LFRicSWstackConfMakeBuild/usr/lib/libmpi.so.12 (0x0000400022f40000)
--- exec: mpiexec -bind-to core -ppn 108 -n 108 /lfs1i3/scratch/u35v/khcheung.u35v/git/lfric-env-isambard/staging/dr932-mpi-scaling/build/mpi-probe.uoe
PROBE ranks=108
PROBE nodes=1
PROBE node x3008c0s17b3n0       ranks=108
PROBE binding: 108/108 ranks pinned to exactly 1 CPU (bound)
PROBE   rank 0    x3008c0s17b3n0       cpus=0-0 (width=1)
PROBE   rank 1    x3008c0s17b3n0       cpus=1-1 (width=1)
PROBE   rank 2    x3008c0s17b3n0       cpus=2-2 (width=1)
PROBE   rank 3    x3008c0s17b3n0       cpus=3-3 (width=1)
PROBE   rank 4    x3008c0s17b3n0       cpus=4-4 (width=1)
PROBE   rank 5    x3008c0s17b3n0       cpus=5-5 (width=1)
PROBE   rank 6    x3008c0s17b3n0       cpus=6-6 (width=1)
PROBE   rank 7    x3008c0s17b3n0       cpus=7-7 (width=1)
PROBE allreduce_8B_usec 8.95
PROBE pairwise_1MiB_aggregate_GBps 309.39  (108 ranks exchanging, 0.07s)
PROBE ring_64KiB_usec 17.29
PROBE done
exit=0
