SLURM_JOB_NUM_NODES=2 NODELIST=x3008c0s5b2n0,x3008c0s5b3n0

############ uoe / mpiexec ############
=== stack=uoe launcher=mpiexec ranks=108
--- mpicc -> /projects/u35v/sw/KKsGCC1230LFRicSWstackConfMakeBuild/usr/bin/mpicc
--- MPICH Version:      4.2.3
--- MPICH Release date: Wed Oct  2 09:35:21 AM CDT 2024
--- MPICH ABI:          16:3:4
--- MPICH Device:       ch3:nemesis
--- MPICH configure:    --prefix=/projects/u35v/sw/KKsGCC1230LFRicSWstackConfMakeBuild/usr --enable-fortran=all --enable-cxx --enable-threads=multiple --enable-shared --enable-romio --with-device=ch3
--- MPICH CC:           gcc    -O2
--- MPICH CXX:          g++   -O2
--- MPICH F77:          gfortran -w -fallow-argument-mismatch -O2  -O2
--- MPICH FC:           gfortran -w -fallow-argument-mismatch -O2  -O2
--- MPICH features:     
--- 
--- linked against:
---   	libmpi.so.12 => /projects/u35v/sw/KKsGCC1230LFRicSWstackConfMakeBuild/usr/lib/libmpi.so.12 (0x0000400022e60000)
--- exec: mpiexec -n 108 /lfs1i3/scratch/u35v/khcheung.u35v/git/lfric-env-isambard/staging/dr932-mpi-scaling/build/mpi-probe.uoe
PROBE ranks=108
PROBE nodes=2
PROBE node x3008c0s5b2n0        ranks=54
PROBE node x3008c0s5b3n0        ranks=54
PROBE binding: 0/108 ranks pinned to exactly 1 CPU (UNBOUND -- ranks can migrate)
PROBE   rank 0    x3008c0s5b2n0        cpus=0-59 (width=54)
PROBE   rank 1    x3008c0s5b2n0        cpus=0-59 (width=54)
PROBE   rank 2    x3008c0s5b2n0        cpus=0-59 (width=54)
PROBE   rank 3    x3008c0s5b2n0        cpus=0-59 (width=54)
PROBE   rank 4    x3008c0s5b2n0        cpus=0-59 (width=54)
PROBE   rank 5    x3008c0s5b2n0        cpus=0-59 (width=54)
PROBE   rank 6    x3008c0s5b2n0        cpus=0-59 (width=54)
PROBE   rank 7    x3008c0s5b2n0        cpus=0-59 (width=54)
PROBE allreduce_8B_usec 226.42
PROBE pairwise_1MiB_aggregate_GBps 0.23  (108 ranks exchanging, 98.08s)
PROBE ring_64KiB_usec 580.15
PROBE done
exit=0

############ cray / srun ############
=== stack=cray launcher=srun ranks=108
--- cc -> /opt/cray/pe/craype/2.7.36/bin/cc
--- MPI VERSION    : CRAY MPICH version 9.1.0.794 (ANL base 4.3.0a1)
--- MPI BUILD INFO : Fri Jan 16 12:11 2026 (git hash ef29dc0-dirty)
--- 
--- linked against:
---   	libmpi_gnu.so.12 => /opt/cray/pe/mpich/9.1.0/ofi/gnu/12.3/lib/libmpi_gnu.so.12 (0x0000400037dd0000)
---   	libfabric.so.1 => /opt/cray/libfabric/2.3.1/lib64/libfabric.so.1 (0x000040003a540000)
---   	libpmi.so.0 => /opt/cray/pe/lib64/libpmi.so.0 (0x000040003a6b0000)
---   	libpmi2.so.0 => /opt/cray/pe/lib64/libpmi2.so.0 (0x000040003a700000)
--- exec: srun --ntasks=108 /lfs1i3/scratch/u35v/khcheung.u35v/git/lfric-env-isambard/staging/dr932-mpi-scaling/build/mpi-probe.cray
PROBE ranks=108
PROBE nodes=2
PROBE node x3008c0s5b2n0        ranks=54
PROBE node x3008c0s5b3n0        ranks=54
PROBE binding: 108/108 ranks pinned to exactly 1 CPU (bound)
PROBE   rank 0    x3008c0s5b2n0        cpus=0-0 (width=1)
PROBE   rank 1    x3008c0s5b2n0        cpus=1-1 (width=1)
PROBE   rank 2    x3008c0s5b2n0        cpus=2-2 (width=1)
PROBE   rank 3    x3008c0s5b2n0        cpus=3-3 (width=1)
PROBE   rank 4    x3008c0s5b2n0        cpus=4-4 (width=1)
PROBE   rank 5    x3008c0s5b2n0        cpus=5-5 (width=1)
PROBE   rank 6    x3008c0s5b2n0        cpus=6-6 (width=1)
PROBE   rank 7    x3008c0s5b2n0        cpus=7-7 (width=1)
PROBE allreduce_8B_usec 6.73
PROBE pairwise_1MiB_aggregate_GBps 7.12  (108 ranks exchanging, 3.18s)
PROBE ring_64KiB_usec 24.36
PROBE done
exit=0

